// Jest Snapshot v1, https://goo.gl/fbAQLP

exports[`should render AddExpensePage correctly 1`] = `
<div>
  <HelmetWrapper
    defer={true}
    encodeSpecialCharacters={true}
  >
    <title>
       2Budget | Add expense 
    </title>
  </HelmetWrapper>
  <.sc-bwzfXH>
    <h1
      className="add-title"
    >
      Add a expense
    </h1>
    <ExpenseForm
      onSubmit={[Function]}
      type="Add"
    />
  </.sc-bwzfXH>
</div>
`;
