// Jest Snapshot v1, https://goo.gl/fbAQLP

exports[`should render Dashboard correctly 1`] = `
<div>
  <HelmetWrapper
    defer={true}
    encodeSpecialCharacters={true}
  >
    <title>
       2Budget | Dashboard 
    </title>
  </HelmetWrapper>
  <.sc-bxivhb>
    <label>
      Filters
    </label>
    <Connect(ExpenseListFilter) />
    <Connect(ExpenseList) />
  </.sc-bxivhb>
</div>
`;
