// Jest Snapshot v1, https://goo.gl/fbAQLP

exports[`should render EditExpansePage correctly 1`] = `
<div>
  <HelmetWrapper
    defer={true}
    encodeSpecialCharacters={true}
  >
    <title>
       2Budget | Edit Expense 
    </title>
  </HelmetWrapper>
  <.sc-htpNat>
    <ExpenseForm
      expense={
        Object {
          "amount": 195,
          "createdAt": "1970-01-01T00:00:00.000Z",
          "description": "Water rent",
          "id": "1",
          "note": "Random note",
        }
      }
      onSubmit={[Function]}
      type="Edit"
    />
    <.sc-bwzfXH
      id="remove-button"
      onClick={[Function]}
    >
      Remove
    </.sc-bwzfXH>
  </.sc-htpNat>
</div>
`;
